diff --git a/src/api/router/snapshot_persisted_chunk_map_tests.rs b/src/api/router/snapshot_persisted_chunk_map_tests.rs
index 23e1808..de63014 100644
--- a/src/api/router/snapshot_persisted_chunk_map_tests.rs
+++ b/src/api/router/snapshot_persisted_chunk_map_tests.rs
@@ -472,7 +472,12 @@
         }
     })
     .await
-    .expect("actual HTTP callers did not reach the same-source install gate");
+    .unwrap_or_else(|_| {
+        panic!(
+            "actual HTTP callers did not reach the same-source install gate: expected {owners} owners, observed {}",
+            flight.test_owner_count()
+        )
+    });
 }
 
 fn held_leader(fixture: &Fixture) -> (Arc<Notify>, Arc<Notify>, tokio::task::JoinHandle<Response>) {
@@ -487,11 +492,32 @@
 
 #[tokio::test]
 async fn same_source_cold_actual_http_callers_share_one_full_pass_and_each_recheck_their_receipt() {
-    let fixture = Fixture::new().await;
+    let fixture = Fixture::new_without_publication().await;
+    let budget = MemoryBudget::new(8 * 1024 * 1024);
+    let repository = PostgresChunkMapRepository::new(
+        fixture
+            .state
+            .storage
+            .mono_storage()
+            .get_connection()
+            .clone(),
+    )
+    .await
+    .unwrap()
+    .with_test_budget(budget.clone());
+    assert!(
+        fixture
+            .state
+            .storage
+            .native_chunk_maps
+            .set(repository)
+            .is_ok()
+    );
     let (entered, release, leader) = held_leader(&fixture);
     timeout(Duration::from_secs(10), entered.notified())
         .await
         .unwrap();
+    assert!(budget.used() > 4 * 1024 * 1024);
     let flight = observer(&fixture).await;
     let mut joined = Vec::new();
     for _ in 0..6 {
