## main...origin/main
?? docs/plan/evidence/plan-20260920/cards/FIX-OX-17/verification/A-B-source.diff
?? docs/plan/evidence/plan-20260920/cards/FIX-OX-17/verification/A-B-source.diff.exit
?? docs/plan/evidence/plan-20260920/cards/FIX-OX-17/verification/A-VER-1.exit
?? docs/plan/evidence/plan-20260920/cards/FIX-OX-17/verification/A-VER-1.stderr
?? docs/plan/evidence/plan-20260920/cards/FIX-OX-17/verification/A-VER-1.stdout
?? docs/plan/evidence/plan-20260920/cards/FIX-OX-17/verification/A-source.rs
?? docs/plan/evidence/plan-20260920/cards/FIX-OX-17/verification/B-final-VER-1.exit
?? docs/plan/evidence/plan-20260920/cards/FIX-OX-17/verification/B-final-VER-1.stderr
?? docs/plan/evidence/plan-20260920/cards/FIX-OX-17/verification/B-final-VER-1.stdout
?? docs/plan/evidence/plan-20260920/cards/FIX-OX-17/verification/B-final-source.rs
?? docs/plan/evidence/plan-20260920/cards/FIX-OX-17/verification/cargo-build-tests.exit
?? docs/plan/evidence/plan-20260920/cards/FIX-OX-17/verification/cargo-build-tests.stderr
?? docs/plan/evidence/plan-20260920/cards/FIX-OX-17/verification/cargo-build-tests.stdout
?? docs/plan/evidence/plan-20260920/cards/FIX-OX-17/verification/cargo-build.exit
?? docs/plan/evidence/plan-20260920/cards/FIX-OX-17/verification/cargo-build.stderr
?? docs/plan/evidence/plan-20260920/cards/FIX-OX-17/verification/cargo-build.stdout
?? docs/plan/evidence/plan-20260920/cards/FIX-OX-17/verification/clippy-final.exit
?? docs/plan/evidence/plan-20260920/cards/FIX-OX-17/verification/clippy-final.stderr
?? docs/plan/evidence/plan-20260920/cards/FIX-OX-17/verification/clippy-final.stdout
?? docs/plan/evidence/plan-20260920/cards/FIX-OX-17/verification/diagnostic/barrier-margin-run.exit
?? docs/plan/evidence/plan-20260920/cards/FIX-OX-17/verification/diagnostic/barrier-margin-run.stderr
?? docs/plan/evidence/plan-20260920/cards/FIX-OX-17/verification/diagnostic/barrier-margin-run.stdout
?? docs/plan/evidence/plan-20260920/cards/FIX-OX-17/verification/diagnostic/barrier-margin-source.rs
?? docs/plan/evidence/plan-20260920/cards/FIX-OX-17/verification/diagnostic/diagnostic-run.exit
?? docs/plan/evidence/plan-20260920/cards/FIX-OX-17/verification/diagnostic/diagnostic-run.stderr
?? docs/plan/evidence/plan-20260920/cards/FIX-OX-17/verification/diagnostic/diagnostic-run.stdout
?? docs/plan/evidence/plan-20260920/cards/FIX-OX-17/verification/diagnostic/diagnostic-source.rs
?? docs/plan/evidence/plan-20260920/cards/FIX-OX-17/verification/fmt-final.exit
?? docs/plan/evidence/plan-20260920/cards/FIX-OX-17/verification/fmt-final.stderr
?? docs/plan/evidence/plan-20260920/cards/FIX-OX-17/verification/fmt-final.stdout
?? docs/plan/evidence/plan-20260920/cards/FIX-OX-17/verification/source-restoration/worktree-status.stderr
?? docs/plan/evidence/plan-20260920/cards/FIX-OX-17/verification/source-restoration/worktree-status.stdout
 M src/api/router/snapshot_raw_blob_tests.rs
