   Compiling proc-macro2 v1.0.107
   Compiling quote v1.0.47
   Compiling unicode-ident v1.0.24
   Compiling cfg-if v1.0.4
   Compiling libc v0.2.189
   Compiling typenum v1.20.1
   Compiling serde_core v1.0.229
   Compiling subtle v2.6.1
   Compiling serde v1.0.229
   Compiling version_check v0.9.5
   Compiling memchr v2.8.3
   Compiling equivalent v1.0.2
   Compiling rand_core v0.10.1
   Compiling getrandom v0.4.3
   Compiling hashbrown v0.17.1
   Compiling cmov v0.5.4
   Compiling once_cell v1.21.4
   Compiling itoa v1.0.18
   Compiling scopeguard v1.2.0
   Compiling shlex v2.0.1
   Compiling find-msvc-tools v0.1.12
   Compiling generic-array v0.14.7
   Compiling parking_lot_core v0.9.12
   Compiling bytes v1.12.1
   Compiling autocfg v1.5.1
   Compiling ctutils v0.4.2
   Compiling pin-project-lite v0.2.17
   Compiling lock_api v0.4.14
   Compiling const-oid v0.9.6
   Compiling libm v0.2.16
   Compiling const-oid v0.10.2
   Compiling log v0.4.34
   Compiling zmij v1.0.23
   Compiling futures-core v0.3.34
   Compiling base64ct v1.8.3
   Compiling stable_deref_trait v1.2.1
   Compiling futures-sink v0.3.34
   Compiling serde_json v1.0.151
   Compiling thiserror v2.0.20
   Compiling pkg-config v0.3.34
   Compiling futures-task v0.3.34
   Compiling num-traits v0.2.19
   Compiling futures-io v0.3.34
   Compiling percent-encoding v2.3.2
   Compiling zerocopy v0.8.57
   Compiling core-foundation-sys v0.8.7
   Compiling slab v0.4.12
   Compiling futures-channel v0.3.34
   Compiling tracing-core v0.1.36
   Compiling fnv v1.0.7
   Compiling writeable v0.6.4
   Compiling jobserver v0.1.35
   Compiling litemap v0.8.3
   Compiling icu_normalizer_data v2.3.0
   Compiling utf8_iter v1.0.4
   Compiling aho-corasick v1.1.5
   Compiling icu_properties_data v2.3.0
   Compiling regex-syntax v0.8.11
   Compiling syn v2.0.119
   Compiling syn v3.0.5
   Compiling cc v1.4.5
   Compiling base64 v0.22.1
   Compiling rustversion v1.0.23
   Compiling http v1.5.0
   Compiling getrandom v0.2.17
   Compiling errno v0.3.14
   Compiling rand_core v0.6.4
   Compiling cpufeatures v0.2.17
   Compiling socket2 v0.6.5
   Compiling mio v1.2.3
   Compiling signal-hook-registry v1.4.8
   Compiling cpufeatures v0.3.1
   Compiling indexmap v2.14.2
   Compiling getrandom v0.3.4
   Compiling allocator-api2 v0.2.21
   Compiling form_urlencoded v1.2.2
   Compiling dunce v1.0.5
   Compiling fs_extra v1.3.0
   Compiling cmake v0.1.58
   Compiling cpubits v0.1.1
   Compiling strsim v0.11.1
   Compiling http-body v1.1.0
   Compiling aws-lc-rs v1.18.1
   Compiling crossbeam-utils v0.8.23
   Compiling ident_case v1.0.1
   Compiling tower-service v0.3.3
   Compiling pem-rfc7468 v0.7.0
   Compiling time-core v0.1.9
   Compiling untrusted v0.7.1
   Compiling num-conv v0.2.2
   Compiling pem-rfc7468 v1.0.0
   Compiling powerfmt v0.2.0
   Compiling untrusted v0.9.0
   Compiling parking v2.2.1
   Compiling time-macros v0.2.32
   Compiling rustls v0.23.44
   Compiling byteorder v1.5.0
   Compiling aws-lc-sys v0.45.0
   Compiling ring v0.17.14
   Compiling bitflags v2.13.2
   Compiling deranged v0.5.8
   Compiling event-listener v5.4.2
   Compiling regex-automata v0.4.18
   Compiling mime v0.3.17
   Compiling httparse v1.10.1
   Compiling tinyvec_macros v0.1.1
   Compiling tower-layer v0.3.3
   Compiling crypto-common v0.1.7
   Compiling block-buffer v0.10.4
   Compiling tinyvec v1.13.2
   Compiling http-body-util v0.1.5
   Compiling sync_wrapper v1.0.2
   Compiling digest v0.10.7
   Compiling radium v0.7.0
   Compiling semver v1.0.28
   Compiling system-configuration-sys v0.6.0
   Compiling unicode-normalization v0.1.25
   Compiling crc32fast v1.5.1
   Compiling hex v0.4.3
   Compiling rand_core v0.9.5
   Compiling iana-time-zone v0.1.65
   Compiling crc-catalog v2.5.0
   Compiling time v0.3.55
   Compiling httpdate v1.0.3
   Compiling try-lock v0.2.5
   Compiling tap v1.0.1
   Compiling atomic-waker v1.1.2
   Compiling ryu v1.0.23
   Compiling want v0.3.1
   Compiling crc v3.4.0
   Compiling wyz v0.5.1
   Compiling rustc_version v0.4.1
   Compiling num-integer v0.1.47
   Compiling core-foundation v0.9.4
   Compiling base16ct v0.2.0
   Compiling funty v2.0.0
   Compiling heck v0.5.0
   Compiling heck v0.4.1
   Compiling spin v0.9.9
   Compiling system-configuration v0.7.0
   Compiling ipnet v2.12.2
   Compiling arrayvec v0.7.8
   Compiling lazy_static v1.5.0
   Compiling unicode-bidi v0.3.18
   Compiling ppv-lite86 v0.2.21
   Compiling bitvec v1.1.1
   Compiling unicode-properties v0.1.4
   Compiling unicode-xid v0.2.6
   Compiling synstructure v0.13.2
   Compiling rand_chacha v0.9.0
   Compiling darling_core v0.20.11
   Compiling same-file v1.0.6
   Compiling stringprep v0.1.5
   Compiling core-foundation v0.10.1
   Compiling rand v0.9.5
   Compiling walkdir v2.5.0
   Compiling security-framework-sys v2.17.0
   Compiling dotenvy v0.15.7
   Compiling rand_chacha v0.3.1
   Compiling security-framework v3.7.0
   Compiling crossbeam-queue v0.3.14
   Compiling ff v0.14.0
   Compiling adler2 v2.0.1
   Compiling simdutf8 v0.1.5
   Compiling simd-adler32 v0.3.10
   Compiling winnow v1.0.4
   Compiling data-encoding v2.11.1
   Compiling foldhash v0.2.0
   Compiling regex v1.13.1
   Compiling miniz_oxide v0.9.1
   Compiling serde_derive v1.0.229
   Compiling thiserror-impl v2.0.20
   Compiling displaydoc v0.2.7
   Compiling tokio-macros v2.7.2
   Compiling zerovec-derive v0.11.6
   Compiling zeroize_derive v1.5.0
   Compiling zerofrom-derive v0.1.7
   Compiling tracing-attributes v0.1.31
   Compiling yoke-derive v0.8.2
   Compiling futures-macro v0.3.34
   Compiling ff v0.13.1
   Compiling zeroize v1.9.0
   Compiling async-trait v0.1.92
   Compiling hybrid-array v0.4.15
   Compiling rustls-pki-types v1.15.1
   Compiling der v0.7.10
   Compiling der v0.8.2
   Compiling darling_macro v0.20.11
   Compiling futures-util v0.3.34
   Compiling webpki-roots v1.0.9
   Compiling zerofrom v0.1.8
   Compiling inout v0.1.4
   Compiling crypto-bigint v0.5.5
   Compiling yoke v0.8.3
   Compiling group v0.13.0
   Compiling cipher v0.4.4
   Compiling darling v0.20.11
   Compiling tracing v0.1.44
   Compiling hashbrown v0.16.1
   Compiling rand v0.8.8
   Compiling zerovec v0.11.8
   Compiling zerotrie v0.2.5
   Compiling sha2 v0.10.9
   Compiling hmac v0.12.1
   Compiling hkdf v0.12.4
   Compiling crypto-common v0.2.2
   Compiling block-buffer v0.12.1
   Compiling block-padding v0.4.2
   Compiling spki v0.7.3
   Compiling crypto-bigint v0.7.5
   Compiling signature v2.2.0
   Compiling inout v0.2.2
   Compiling tinystr v0.8.4
   Compiling potential_utf v0.1.6
   Compiling pkcs8 v0.10.2
   Compiling spki v0.8.0
   Compiling sha1 v0.10.7
   Compiling icu_locale_core v2.3.0
   Compiling icu_collections v2.3.0
   Compiling axum-core v0.5.6
   Compiling rfc6979 v0.4.0
   Compiling zstd-sys v2.1.0+zstd.1.5.7
   Compiling ahash v0.8.12
   Compiling digest v0.11.3
   Compiling cipher v0.5.2
   Compiling universal-hash v0.6.1
   Compiling aead v0.6.1
   Compiling sha2 v0.11.0
   Compiling hmac v0.13.0
   Compiling polyval v0.7.3
   Compiling zlib-rs v0.6.7
   Compiling aes v0.9.3
   Compiling ctr v0.10.1
   Compiling pbkdf2 v0.13.0
   Compiling ghash v0.6.0
   Compiling hkdf v0.13.0
   Compiling chacha20 v0.10.2
   Compiling salsa20 v0.11.0
   Compiling cbc v0.2.1
   Compiling objc2 v0.6.4
   Compiling smallvec v1.16.0
   Compiling either v1.18.0
   Compiling icu_provider v2.3.1
   Compiling chrono v0.4.45
   Compiling aes-gcm v0.11.1
   Compiling scrypt v0.12.0
   Compiling serdect v0.2.0
   Compiling rand v0.10.2
   Compiling icu_properties v2.3.0
   Compiling parking_lot v0.12.5
   Compiling icu_normalizer v2.3.0
   Compiling pkcs5 v0.8.1
   Compiling sec1 v0.7.3
   Compiling foldhash v0.1.5
   Compiling fastrand v2.5.0
   Compiling tokio v1.53.1
   Compiling elliptic-curve v0.13.8
   Compiling futures-intrusive v0.5.0
   Compiling unicode-segmentation v1.13.3
   Compiling pkcs8 v0.11.0
   Compiling rust_decimal v1.43.0
   Compiling rustix v1.1.4
   Compiling object v0.39.1
   Compiling hashbrown v0.15.5
   Compiling futures-executor v0.3.34
   Compiling itertools v0.14.0
   Compiling serde_urlencoded v0.7.1
   Compiling signature v3.0.0
   Compiling idna_adapter v1.2.2
   Compiling hashlink v0.11.1
   Compiling group v0.14.0
   Compiling uuid v1.26.1
   Compiling idna v1.1.0
   Compiling encoding_rs v0.8.41
   Compiling atoi v2.0.0
   Compiling base16ct v1.0.0
   Compiling objc2-encode v4.1.0
   Compiling crunchy v0.2.4
   Compiling sec1 v0.8.1
   Compiling url v2.5.8
   Compiling hashlink v0.10.0
   Compiling futures v0.3.34
   Compiling ecdsa v0.16.9
   Compiling tungstenite v0.29.0
   Compiling curve25519-dalek v4.1.3
   Compiling siphasher v1.0.3
   Compiling multiversion_no_op v1.0.0
   Compiling tiny-keccak v2.0.2
   Compiling num-bigint-dig v0.8.6
   Compiling phf_shared v0.11.3
   Compiling hashbrown v0.14.5
   Compiling elliptic-curve v0.14.1
   Compiling primefield v0.14.0
   Compiling primeorder v0.13.6
   Compiling tempfile v3.27.0
   Compiling convert_case v0.10.0
   Compiling md-5 v0.11.0
   Compiling toml_parser v1.1.3+spec-1.1.0
   Compiling axum-macros v0.5.1
   Compiling num-iter v0.1.46
   Compiling darling_core v0.24.1
   Compiling keccak v0.1.6
   Compiling serde_path_to_error v0.1.20
   Compiling precomputed-hash v0.1.1
   Compiling matchit v0.8.4
   Compiling toml_datetime v1.1.1+spec-1.1.0
   Compiling new_debug_unreachable v1.0.6
   Compiling minimal-lexical v0.2.1
   Compiling vcpkg v0.2.15
   Compiling bit-vec v0.8.0
   Compiling zstd-safe v8.0.0
   Compiling winnow v0.7.15
   Compiling term v1.2.1
   Compiling cfg_aliases v0.2.2
   Compiling fixedbitset v0.5.7
   Compiling bit-set v0.8.0
   Compiling nix v0.31.3
   Compiling flate2 v1.1.10
   Compiling ascii-canvas v4.0.0
   Compiling openssl-sys v0.9.117
   Compiling petgraph v0.7.1
   Compiling nom v7.1.3
   Compiling toml_edit v0.25.13+spec-1.1.0
   Compiling string_cache v0.8.9
   Compiling sha3 v0.10.9
   Compiling tokio-util v0.7.19
   Compiling tokio-stream v0.1.19
   Compiling tokio-tungstenite v0.29.0
   Compiling derive_more-impl v2.1.1
   Compiling wnaf v0.14.1
   Compiling h2 v0.4.19
   Compiling tower v0.5.3
   Compiling ar_archive_writer v0.5.3
   Compiling rfc6979 v0.6.0
   Compiling ctr v0.9.2
   Compiling universal-hash v0.5.1
   Compiling aead v0.5.2
   Compiling ptr_meta_derive v0.3.2
   Compiling psm v0.1.32
   Compiling lalrpop-util v0.22.2
   Compiling darling_macro v0.24.1
   Compiling ena v0.14.4
   Compiling proc-macro2-diagnostics v0.10.1
   Compiling pico-args v0.5.0
   Compiling home v0.5.12
   Compiling whoami v1.6.1
   Compiling alloc-no-stdlib v2.0.4
   Compiling unicase v2.9.0
   Compiling crossbeam-epoch v0.9.21
   Compiling ucd-trie v0.1.7
   Compiling thiserror v1.0.69
   Compiling typeid v1.0.3
   Compiling syn v1.0.109
   Compiling native-tls v0.2.18
   Compiling opaque-debug v0.3.1
   Compiling whoami v2.1.3
   Compiling alloc-stdlib v0.2.4
   Compiling sqlx-core v0.8.6
   Compiling mime_guess v2.0.5
   Compiling pest v2.9.1
   Compiling polyval v0.6.2
   Compiling darling v0.24.1
   Compiling lalrpop v0.22.2
   Compiling derive_more v2.1.1
   Compiling ptr_meta v0.3.2
   Compiling ecdsa v0.17.0
   Compiling rusticata-macros v4.1.0
   Compiling const-random-macro v0.1.16
   Compiling primeorder v0.14.0
   Compiling proc-macro-crate v3.5.0
   Compiling serde_spanned v0.6.9
   Compiling toml_datetime v0.6.11
   Compiling pkcs1 v0.7.5
   Compiling ed25519 v2.2.3
   Compiling aes v0.8.4
   Compiling md-5 v0.10.6
   Compiling sea-query-derive v1.0.0
   Compiling derive_builder_core v0.20.2
   Compiling dbl v0.3.2
   Compiling asn1-rs-impl v0.2.0
   Compiling thiserror-impl v1.0.69
   Compiling asn1-rs-derive v0.6.0
   Compiling enum-ordinalize-derive v4.4.2
   Compiling curve25519-dalek v5.0.0
   Compiling stacker v0.1.25
   Compiling ordered-float v4.6.0
   Compiling ref-cast v1.0.27
   Compiling crc24 v0.1.6
   Compiling toml_write v0.1.2
   Compiling yansi v1.0.1
   Compiling bumpalo v3.20.3
   Compiling crossbeam-deque v0.8.8
   Compiling asn1-rs v0.7.2
   Compiling derive_builder_macro v0.20.2
   Compiling toml_edit v0.22.27
   Compiling sea-query v1.0.2
   Compiling enum-ordinalize v4.4.2
   Compiling zopfli v0.8.3
   Compiling pest_meta v2.9.1
   Compiling sqlx-postgres v0.8.6
   Compiling cmac v0.7.2
   Compiling rsa v0.9.10
   Compiling num_enum_derive v0.7.6
   Compiling ed25519-dalek v2.2.0
   Compiling hyper v1.11.1
   Compiling const-random v0.1.18
   Compiling rancor v0.1.3
   Compiling serde_with_macros v3.23.0
   Compiling ghash v0.5.1
   Compiling brotli-decompressor v5.0.3
   Compiling tower-http v0.6.11
   Compiling p256 v0.13.2
   Compiling p384 v0.13.1
   Compiling p521 v0.13.3
   Compiling ssh-encoding v0.3.0
   Compiling itertools v0.15.0
   Compiling hyper-util v0.1.20
   Compiling serdect v0.3.0
   Compiling linked-hash-map v0.5.6
   Compiling blowfish v0.9.1
   Compiling blake2 v0.10.6
   Compiling bitfields-impl v1.0.3
   Compiling matchers v0.2.0
   Compiling miette-derive v7.6.0
   Compiling bytecheck_derive v0.8.3
   Compiling ref-cast-impl v1.0.27
   Compiling logos-codegen v0.16.1
   Compiling sharded-slab v0.1.7
   Compiling blake3 v1.8.7
   Compiling keccak v0.2.2
   Compiling password-hash v0.5.0
   Compiling tracing-log v0.2.0
   Compiling axum v0.8.9
   Compiling cookie v0.18.2
   Compiling thread_local v1.1.10
   Compiling unicode-script v0.5.8
   Compiling rayon-core v1.13.0
   Compiling nu-ansi-term v0.50.3
   Compiling libbz2-rs-sys v0.2.5
   Compiling oid-registry v0.8.1
   Compiling unicode-width v0.1.14
   Compiling erased-serde v0.4.10
   Compiling constant_time_eq v0.4.2
   Compiling utf8parse v0.2.2
   Compiling xxhash-rust v0.8.18
   Compiling miette v7.6.0
   Compiling unicode-security v0.1.2
   Compiling tracing-subscriber v0.3.23
   Compiling anstyle-parse v1.0.0
   Compiling bitfields v1.0.3
   Compiling bzip2 v0.6.1
   Compiling sqlx-macros-core v0.8.6
   Compiling argon2 v0.5.3
   Compiling logos-derive v0.16.1
   Compiling bytecheck v0.8.3
   Compiling linked_hash_set v0.1.6
   Compiling cx448 v0.1.1
   Compiling brotli v8.0.4
   Compiling serde_with v3.23.0
   Compiling toml v0.8.23
   Compiling tokio-native-tls v0.3.1
   Compiling aes-gcm v0.10.3
   Compiling num_enum v0.7.6
   Compiling dlv-list v0.5.2
   Compiling zip v3.0.0
   Compiling pest_generator v2.9.1
   Compiling rust-embed-utils v8.12.0
   Compiling eax v0.5.0
   Compiling ouroboros_macro v0.18.5
   Compiling derive_builder v0.20.2
   Compiling educe v0.7.6
   Compiling aes-kw v0.2.1
   Compiling x25519-dalek v2.0.1
   Compiling ocb3 v0.1.0
   Compiling dsa v0.6.3
   Compiling objc2-core-foundation v0.3.2
   Compiling k256 v0.13.4
   Compiling ed25519 v3.0.0
   Compiling crypto-primes v0.7.2
   Compiling num-bigint v0.5.1
   Compiling hcl-primitives v0.1.12
   Compiling triomphe v0.1.16
   Compiling vecmap-rs v0.2.5
   Compiling nonempty v0.12.0
   Compiling blowfish v0.10.0
   Compiling poly1305 v0.9.1
   Compiling blake2 v0.11.0
   Compiling sha1 v0.11.0
   Compiling sha1-checked v0.10.0
   Compiling pkcs1 v0.8.0-rc.4
   Compiling ssh-encoding v0.2.0
   Compiling cast5 v0.11.1
   Compiling cfb-mode v0.8.2
   Compiling cedar-policy-core v4.12.0
   Compiling idea v0.5.1
   Compiling des v0.8.1
   Compiling camellia v0.1.0
   Compiling twofish v0.7.1
   Compiling ripemd v0.1.3
   Compiling block-padding v0.3.3
   Compiling utoipa-gen v5.5.0
   Compiling snafu-derive v0.8.9
   Compiling async-stream-impl v0.3.6
   Compiling structmeta-derive v0.3.0
   Compiling sea-bae v0.2.2
   Compiling pin-project-internal v1.1.13
   Compiling munge_macro v0.4.7
   Compiling sea-schema-derive v0.3.0
   Compiling pluralizer v0.5.0
   Compiling num-bigint v0.4.8
   Compiling event-listener-strategy v0.5.4
   Compiling crossbeam-channel v0.5.17
   Compiling smol_str v0.3.6
   Compiling secp256k1-sys v0.14.1
   Compiling jemalloc-sys v0.5.4+5.3.0-patched
   Compiling arc-swap v1.9.2
   Compiling buffer-redux v1.1.0
   Compiling nom v8.0.0
   Compiling openssl v0.10.81
   Compiling anstyle v1.0.14
   Compiling anstyle-query v1.1.5
   Compiling unicode-width v0.2.2
   Compiling paste v1.0.15
   Compiling bitflags v1.3.2
   Compiling colorchoice v1.0.5
   Compiling rustc-literal-escaper v0.0.8
   Compiling is_terminal_polyfill v1.70.2
   Compiling anyhow v1.0.104
   Compiling foreign-types-shared v0.1.1
   Compiling aliasable v0.1.3
   Compiling static_assertions v1.1.0
   Compiling arrayvec v0.5.2
   Compiling utoipa-swagger-ui-vendored v0.1.2
   Compiling compression-core v0.4.33
   Compiling bytemuck v1.25.2
   Compiling replace_with v0.1.8
   Compiling typed-arena v2.0.2
   Compiling ouroboros v0.18.5
   Compiling foreign-types v0.3.2
   Compiling pretty v0.12.5
   Compiling atomic v0.6.1
   Compiling pin-project v1.1.13
   Compiling anstream v1.0.0
   Compiling utoipa-swagger-ui v9.0.2
   Compiling builder-pattern-macro v0.4.2
   Compiling structmeta v0.3.0
   Compiling munge v0.4.7
   Compiling sea-orm-macros v2.0.2
   Compiling async-lock v3.4.2
   Compiling async-stream v0.3.6
   Compiling rsa v0.10.0-rc.18
   Compiling snafu v0.8.9
   Compiling ssh-cipher v0.2.0
   Compiling der-parser v10.0.0
   Compiling argon2 v0.6.0
   Compiling ssh-cipher v0.3.0
   Compiling bcrypt-pbkdf v0.11.0
   Compiling hcl-edit v0.8.8
   Compiling wg v0.9.2
   Compiling ed25519-dalek v3.0.0
   Compiling pest_derive v2.9.1
   Compiling sqlx-macros v0.8.6
   Compiling rust-embed-impl v8.12.0
   Compiling ordered-multimap v0.7.3
   Compiling libvault v0.3.0
   Compiling hyper-tls v0.6.0
   Compiling logos v0.16.1
   Compiling rend v0.5.4
   Compiling hyper-timeout v0.5.2
   Compiling sha3 v0.11.0
   Compiling p256 v0.14.0
   Compiling p384 v0.14.0
   Compiling p521 v0.14.0
   Compiling combine v4.6.8
   Compiling tower-sessions-core v0.15.0
   Compiling zstd v0.14.0
   Compiling dashmap v6.2.1
   Compiling compression-codecs v0.4.41
   Compiling block2 v0.6.2
   Compiling objc2-foundation v0.3.2
   Compiling backon v1.6.0
   Compiling nibble_vec v0.1.0
   Compiling kem v0.3.0
   Compiling module-lattice v0.2.3
   Compiling webpki-roots v0.26.11
   Compiling rustls-native-certs v0.8.4
   Compiling enum-map-derive v0.17.0
   Compiling derive-where v1.6.1
   Compiling utoipa v5.5.0
   Compiling openssl-macros v0.1.1
   Compiling snafu-derive v0.9.2
   Compiling strum_macros v0.25.3
   Compiling rkyv_derive v0.8.18
   Compiling serde_spanned v1.1.1
   Compiling headers-core v0.3.0
   Compiling num_cpus v1.17.0
   Compiling toml_writer v1.1.2+spec-1.1.0
   Compiling base64 v0.23.1
   Compiling strum v0.28.0
   Compiling humantime v2.4.0
   Compiling seahash v4.1.0
   Compiling arcstr v1.2.0
   Compiling path-dedot v4.0.1
   Compiling cedar-policy v4.12.0
   Compiling arraydeque v0.5.1
   Compiling convert_case v0.4.0
   Compiling spin v0.10.1
   Compiling sha1_smol v1.0.1
   Compiling unsafe-libyaml v0.2.11
   Compiling endian-type v0.1.2
   Compiling sponge-cursor v0.1.0
   Compiling clap_lex v1.1.0
   Compiling option-ext v0.2.0
   Compiling strum v0.25.0
   Compiling derive_more v0.99.20
   Compiling sha3 v0.12.0
   Compiling dirs-sys v0.5.0
   Compiling clap_builder v4.6.6
   Compiling radix_trie v0.2.1
   Compiling crc-fast v1.10.0
   Compiling yaml-rust2 v0.11.1
   Compiling serde_yaml v0.9.34+deprecated
   Compiling rkyv v0.8.18
   Compiling path-absolutize v4.0.1
   Compiling snafu v0.9.2
   Compiling stretto v0.8.4
   Compiling toml v1.1.5+spec-1.1.0
   Compiling threadpool v1.8.1
   Compiling headers v0.4.1
   Compiling enum-map v2.7.3
   Compiling ml-kem v0.3.2
   Compiling rust-embed v8.12.0
   Compiling objc2-open-directory v0.3.2
   Compiling sqlx v0.8.6
   Compiling dispatch2 v0.3.1
   Compiling async-compression v0.4.46
   Compiling tower-sessions-memory-store v0.15.0
   Compiling hcl-rs v0.18.7
   Compiling tonic v0.14.6
   Compiling serde-untagged v0.1.9
   Compiling x509-parser v0.18.1
   Compiling pgp v0.19.0
   Compiling tower-cookies v0.11.0
   Compiling rayon v1.12.0
   Compiling rust-ini v0.21.3
   Compiling json5 v0.4.1
   Compiling ssh-key v0.7.0-rc.11
   Compiling builder-pattern v0.4.2
   Compiling ssh-key v0.6.7
   Compiling parse-display-derive v0.11.0
   Compiling objc2-io-kit v0.3.2
   Compiling derivative v2.2.0
   Compiling blake2b_simd v1.0.5
   Compiling bcrypt v0.17.1
   Compiling russh-cryptovec v0.62.0
   Compiling ron v0.12.2
   Compiling russh-util v0.52.0
   Compiling lru-mem v0.3.0
   Compiling convert_case v0.6.0
   Compiling quick-xml v0.41.0
   Compiling ipnetwork v0.17.0
   Compiling generic-array v1.4.5
   Compiling rustls-pemfile v2.2.0
   Compiling bstr v1.13.1
   Compiling delegate v0.13.5
   Compiling better_default v1.0.5
   Compiling enum_dispatch v0.3.13
   Compiling clap_derive v4.6.4
   Compiling priority-queue v2.7.0
   Compiling serde_bytes v0.11.19
   Compiling pem v3.0.6
   Compiling daemonize v0.5.0
   Compiling symlink v0.1.0
   Compiling go-defer v0.1.0
   Compiling lockfile v0.4.0
   Compiling pathdiff v0.2.3
   Compiling hex-literal v1.1.0
   Compiling diffs v0.5.1
   Compiling colored v3.1.1
   Compiling as-any v0.3.2
   Compiling md5 v0.8.1
   Compiling similar v3.2.0
   Compiling glob v0.3.4
   Compiling config v0.15.25
   Compiling tracing-appender v0.2.5
   Compiling parse-display v0.11.0
   Compiling sysinfo v0.39.6
   Compiling utoipa-axum v0.2.0
   Compiling tower-sessions v0.15.0
   Compiling tower-http v0.7.1
   Compiling ctrlc v3.5.2
   Compiling secp256k1 v0.33.1
   Compiling axum-extra v0.12.6
   Compiling pgp v0.20.0
   Compiling directories v6.0.0
   Compiling mst2-codec v0.3.1
   Compiling git-internal v0.10.2
   Compiling idgenerator v2.0.0
   Compiling envsubst v0.2.1
   Compiling async-recursion v1.1.1
   Compiling clap v4.6.6
   Compiling bs58 v0.5.1
   Compiling cedar-policy-formatter v4.12.0
   Compiling rustls-webpki v0.103.15
   Compiling russh v0.63.3
   Compiling tokio-rustls v0.26.5
   Compiling sqlx-core v0.9.0
   Compiling rustls-platform-verifier v0.7.0
   Compiling ureq v2.12.1
   Compiling hyper-rustls v0.27.9
   Compiling redis v1.7.0
   Compiling reqwest v0.12.28
   Compiling reqwest v0.13.5
   Compiling object_store v0.14.1
   Compiling sqlx-postgres v0.9.0
   Compiling jemallocator v0.5.4
   Compiling sqlx v0.9.0
   Compiling sea-query-sqlx v0.9.1
   Compiling sea-schema v0.18.1
   Compiling redis-test v1.0.4
   Compiling sea-orm v2.0.2
   Compiling sea-orm-migration v2.0.2
   Compiling mega2 v0.42.25 (.)
warning: linker stderr: ld: __eh_frame section too large (max 16MB) to encode dwarf unwind offsets in compact unwind table, performance of exception handling might be affected
  |
  = note: `#[warn(linker_messages)]` on by default

warning: `mega2` (lib test) generated 1 warning
    Finished `test` profile [unoptimized + debuginfo] target(s) in 3m 01s
     Running unittests src/lib.rs (target/debug/deps/mega2_core-bd8d4bc92bb048ff)
