   Compiling mega2 v0.42.25 (A-full)
error[E0422]: cannot find struct, variant or union type `FixtureOptions` in this scope
   --> src/api/router/snapshot_objects_bounded_tests.rs:321:9
    |
321 |         FixtureOptions {
    |         ^^^^^^^^^^^^^^ not found in this scope

error[E0422]: cannot find struct, variant or union type `FixtureOptions` in this scope
   --> src/api/router/snapshot_objects_bounded_tests.rs:358:9
    |
358 |         FixtureOptions {
    |         ^^^^^^^^^^^^^^ not found in this scope

error[E0422]: cannot find struct, variant or union type `InitialFact` in this scope
   --> src/api/router/snapshot_objects_bounded_tests.rs:359:33
    |
359 |             initial_facts: vec![InitialFact {
    |                                 ^^^^^^^^^^^ not found in this scope

error[E0422]: cannot find struct, variant or union type `FixtureOptions` in this scope
   --> src/api/router/snapshot_objects_bounded_tests.rs:384:9
    |
384 |         FixtureOptions {
    |         ^^^^^^^^^^^^^^ not found in this scope

error[E0422]: cannot find struct, variant or union type `InitialFact` in this scope
   --> src/api/router/snapshot_objects_bounded_tests.rs:385:33
    |
385 |             initial_facts: vec![InitialFact {
    |                                 ^^^^^^^^^^^ not found in this scope

error[E0599]: no associated function or constant named `new_rooted_with_options` found for struct `snapshot_router::content::tests::Fixture` in the current scope
   --> src/api/router/snapshot_objects_bounded_tests.rs:319:28
    |
319 |     let fixture = Fixture::new_rooted_with_options(
    |                            ^^^^^^^^^^^^^^^^^^^^^^^ associated function or constant not found in `snapshot_router::content::tests::Fixture`
    |
   ::: src/api/router/snapshot_content_tests.rs:523:1
    |
523 | struct Fixture {
    | -------------- associated function or constant `new_rooted_with_options` not found for this struct

error[E0599]: no associated function or constant named `new_rooted_with_options` found for struct `snapshot_router::content::tests::Fixture` in the current scope
   --> src/api/router/snapshot_objects_bounded_tests.rs:356:28
    |
356 |     let fixture = Fixture::new_rooted_with_options(
    |                            ^^^^^^^^^^^^^^^^^^^^^^^ associated function or constant not found in `snapshot_router::content::tests::Fixture`
    |
   ::: src/api/router/snapshot_content_tests.rs:523:1
    |
523 | struct Fixture {
    | -------------- associated function or constant `new_rooted_with_options` not found for this struct

error[E0599]: no associated function or constant named `new_rooted_with_options` found for struct `snapshot_router::content::tests::Fixture` in the current scope
   --> src/api/router/snapshot_objects_bounded_tests.rs:382:28
    |
382 |     let fixture = Fixture::new_rooted_with_options(
    |                            ^^^^^^^^^^^^^^^^^^^^^^^ associated function or constant not found in `snapshot_router::content::tests::Fixture`
    |
   ::: src/api/router/snapshot_content_tests.rs:523:1
    |
523 | struct Fixture {
    | -------------- associated function or constant `new_rooted_with_options` not found for this struct

Some errors have detailed explanations: E0422, E0599.
For more information about an error, try `rustc --explain E0422`.
error: could not compile `mega2` (lib test) due to 8 previous errors
