diff --git a/src/api/router/snapshot_raw_blob_tests.rs b/src/api/router/snapshot_raw_blob_tests.rs
index 6acf8c8..befce84 100644
--- a/src/api/router/snapshot_raw_blob_tests.rs
+++ b/src/api/router/snapshot_raw_blob_tests.rs
@@ -553,7 +553,7 @@
 #[tokio::test]
 async fn empty_raw_post_await_revocation_fails_before_another_eof_poll_or_empty_success() {
     for fragment in [Some(Bytes::new()), None] {
-        let fixture = Fixture::new().await;
+        let fixture = Fixture::new_without_publication().await;
         let oid = path_oid(&fixture, "/empty").await;
         fixture.counts.reset();
         let entered = Arc::new(Notify::new());
@@ -579,6 +579,7 @@
         timeout(Duration::from_secs(10), entered.notified())
             .await
             .unwrap();
+        fixture.counts.assert(1, 0);
         release_lease(&fixture).await;
         release.notify_one();
         let finished = timeout(Duration::from_secs(10), &mut task).await;
