   Compiling unicode-ident v1.0.24
    Checking cfg-if v1.0.4
    Checking typenum v1.20.1
    Checking subtle v2.6.1
    Checking memchr v2.8.3
    Checking rand_core v0.10.1
    Checking cmov v0.5.4
    Checking itoa v1.0.18
    Checking libc v0.2.189
    Checking serde_core v1.0.229
    Checking bytes v1.12.1
    Checking const-oid v0.9.6
    Checking once_cell v1.21.4
    Checking equivalent v1.0.2
    Checking pin-project-lite v0.2.17
    Checking libm v0.2.16
    Checking hashbrown v0.17.1
   Compiling proc-macro2 v1.0.107
    Checking scopeguard v1.2.0
    Checking log v0.4.34
    Checking futures-core v0.3.34
    Checking const-oid v0.10.2
    Checking base64ct v1.8.3
    Checking ctutils v0.4.2
    Checking futures-sink v0.3.34
    Checking lock_api v0.4.14
    Checking zmij v1.0.23
    Checking slab v0.4.12
    Checking core-foundation-sys v0.8.7
    Checking futures-channel v0.3.34
    Checking tracing-core v0.1.36
    Checking futures-task v0.3.34
    Checking futures-io v0.3.34
    Checking zerocopy v0.8.57
   Compiling quote v1.0.47
    Checking percent-encoding v2.3.2
    Checking stable_deref_trait v1.2.1
    Checking base64 v0.22.1
    Checking http v1.5.0
    Checking form_urlencoded v1.2.2
    Checking cpubits v0.1.1
    Checking writeable v0.6.4
    Checking litemap v0.8.3
   Compiling syn v2.0.119
   Compiling syn v3.0.5
   Compiling aho-corasick v1.1.5
   Compiling regex-syntax v0.8.11
    Checking getrandom v0.2.17
    Checking getrandom v0.4.3
    Checking errno v0.3.14
    Checking cpufeatures v0.2.17
    Checking socket2 v0.6.5
    Checking num-traits v0.2.19
    Checking mio v1.2.3
    Checking signal-hook-registry v1.4.8
    Checking rand_core v0.6.4
    Checking cpufeatures v0.3.1
    Checking getrandom v0.3.4
    Checking utf8_iter v1.0.4
    Checking allocator-api2 v0.2.21
    Checking http-body v1.1.0
   Compiling indexmap v2.14.2
   Compiling strsim v0.11.1
    Checking icu_normalizer_data v2.3.0
    Checking icu_properties_data v2.3.0
    Checking tower-service v0.3.3
    Checking crossbeam-utils v0.8.23
    Checking aws-lc-sys v0.45.0
    Checking pem-rfc7468 v0.7.0
   Compiling time-core v0.1.9
    Checking untrusted v0.7.1
   Compiling num-conv v0.2.2
   Compiling generic-array v0.14.7
    Checking pem-rfc7468 v1.0.0
    Checking untrusted v0.9.0
    Checking powerfmt v0.2.0
   Compiling time-macros v0.2.32
    Checking bitflags v2.13.2
    Checking deranged v0.5.8
   Compiling fnv v1.0.7
    Checking ring v0.17.14
    Checking byteorder v1.5.0
    Checking tower-layer v0.3.3
    Checking httparse v1.10.1
    Checking http-body-util v0.1.5
    Checking sync_wrapper v1.0.2
   Compiling block-buffer v0.10.4
   Compiling crypto-common v0.1.7
    Checking mime v0.3.17
    Checking rand_core v0.9.5
    Checking iana-time-zone v0.1.65
    Checking httpdate v1.0.3
   Compiling digest v0.10.7
    Checking try-lock v0.2.5
    Checking serde_json v1.0.151
   Compiling semver v1.0.28
    Checking tap v1.0.1
    Checking tinyvec_macros v0.1.1
    Checking parking v2.2.1
    Checking atomic-waker v1.1.2
    Checking ryu v1.0.23
    Checking wyz v0.5.1
    Checking event-listener v5.4.2
    Checking tinyvec v1.13.2
   Compiling regex-automata v0.4.18
   Compiling rustc_version v0.4.1
    Checking want v0.3.1
    Checking system-configuration-sys v0.6.0
    Checking radium v0.7.0
    Checking num-integer v0.1.47
    Checking core-foundation v0.9.4
    Checking base16ct v0.2.0
    Checking funty v2.0.0
    Checking unicode-normalization v0.1.25
    Checking ipnet v2.12.2
    Checking spin v0.9.9
    Checking hex v0.4.3
    Checking system-configuration v0.7.0
    Checking lazy_static v1.5.0
    Checking arrayvec v0.7.8
    Checking security-framework-sys v2.17.0
    Checking core-foundation v0.10.1
    Checking crc-catalog v2.5.0
    Checking crossbeam-queue v0.3.14
    Checking bitvec v1.1.1
    Checking ff v0.14.0
    Checking crc v3.4.0
    Checking adler2 v2.0.1
    Checking simd-adler32 v0.3.10
    Checking foldhash v0.2.0
    Checking time v0.3.55
    Checking data-encoding v2.11.1
    Checking ppv-lite86 v0.2.21
    Checking simdutf8 v0.1.5
   Compiling same-file v1.0.6
    Checking security-framework v3.7.0
    Checking crc32fast v1.5.1
    Checking miniz_oxide v0.9.1
    Checking hashbrown v0.16.1
    Checking unicode-properties v0.1.4
   Compiling walkdir v2.5.0
    Checking rand_chacha v0.9.0
    Checking rand_chacha v0.3.1
    Checking zlib-rs v0.6.7
    Checking fastrand v2.5.0
    Checking unicode-bidi v0.3.18
    Checking rand v0.9.5
    Checking rand v0.8.8
    Checking group v0.14.0
    Checking uuid v1.26.1
    Checking atoi v2.0.0
    Checking base16ct v1.0.0
   Compiling synstructure v0.13.2
   Compiling darling_core v0.20.11
    Checking hashlink v0.11.1
    Checking stringprep v0.1.5
    Checking objc2-encode v4.1.0
    Checking dotenvy v0.15.7
    Checking ahash v0.8.12
    Checking rustix v1.1.4
   Compiling object v0.39.1
   Compiling curve25519-dalek v4.1.3
   Compiling hybrid-array v0.4.15
    Checking objc2 v0.6.4
   Compiling winnow v1.0.4
   Compiling unicode-segmentation v1.13.3
    Checking flate2 v1.1.10
   Compiling foldhash v0.1.5
    Checking ff v0.13.1
    Checking group v0.13.0
   Compiling regex v1.13.1
   Compiling hashbrown v0.15.5
   Compiling convert_case v0.10.0
    Checking encoding_rs v0.8.41
    Checking tempfile v3.27.0
    Checking hashbrown v0.14.5
   Compiling serde_derive v1.0.229
   Compiling displaydoc v0.2.7
   Compiling zerovec-derive v0.11.6
   Compiling thiserror-impl v2.0.20
   Compiling tokio-macros v2.7.2
   Compiling futures-macro v0.3.34
   Compiling async-trait v0.1.92
   Compiling zeroize_derive v1.5.0
   Compiling zerofrom-derive v0.1.7
   Compiling yoke-derive v0.8.2
   Compiling tracing-attributes v0.1.31
   Compiling axum-macros v0.5.1
   Compiling toml_parser v1.1.3+spec-1.1.0
    Checking zstd-sys v2.1.0+zstd.1.5.7
    Checking zeroize v1.9.0
    Checking futures-util v0.3.34
   Compiling darling_core v0.24.1
    Checking rustls-pki-types v1.15.1
    Checking aws-lc-rs v1.18.1
    Checking thiserror v2.0.20
    Checking der v0.7.10
    Checking der v0.8.2
    Checking webpki-roots v1.0.9
   Compiling darling_macro v0.20.11
    Checking inout v0.1.4
    Checking zerofrom v0.1.8
    Checking cipher v0.4.4
    Checking yoke v0.8.3
   Compiling darling v0.20.11
    Checking sha2 v0.10.9
    Checking crypto-common v0.2.2
    Checking block-buffer v0.12.1
    Checking block-padding v0.4.2
    Checking spki v0.7.3
    Checking zerovec v0.11.8
    Checking zerotrie v0.2.5
    Checking hmac v0.12.1
    Checking tracing v0.1.44
    Checking crypto-bigint v0.7.5
    Checking inout v0.2.2
    Checking rustls-webpki v0.103.15
    Checking pkcs8 v0.10.2
    Checking hkdf v0.12.4
    Checking spki v0.8.0
    Checking signature v2.2.0
    Checking sha1 v0.10.7
    Checking crypto-bigint v0.5.5
    Checking axum-core v0.5.6
    Checking rfc6979 v0.4.0
    Checking sec1 v0.8.1
    Checking tungstenite v0.29.0
   Compiling ar_archive_writer v0.5.3
    Checking num-iter v0.1.46
    Checking digest v0.11.3
    Checking cipher v0.5.2
    Checking tinystr v0.8.4
    Checking potential_utf v0.1.6
    Checking universal-hash v0.6.1
    Checking rustls v0.23.44
    Checking polyval v0.7.3
    Checking sha2 v0.11.0
    Checking hmac v0.13.0
    Checking icu_locale_core v2.3.0
    Checking serde v1.0.229
    Checking icu_collections v2.3.0
    Checking ctr v0.10.1
    Checking aes v0.9.3
    Checking ghash v0.6.0
    Checking pbkdf2 v0.13.0
    Checking aead v0.6.1
    Checking hkdf v0.13.0
    Checking chacha20 v0.10.2
    Checking salsa20 v0.11.0
    Checking cbc v0.2.1
    Checking aes-gcm v0.11.1
    Checking futures-executor v0.3.34
    Checking smallvec v1.16.0
    Checking either v1.18.0
    Checking chrono v0.4.45
    Checking serdect v0.2.0
    Checking scrypt v0.12.0
    Checking rand v0.10.2
    Checking serde_urlencoded v0.7.1
    Checking icu_provider v2.3.1
    Checking parking_lot_core v0.9.12
    Checking sec1 v0.7.3
    Checking pkcs5 v0.8.1
    Checking signature v3.0.0
    Checking futures v0.3.34
    Checking rust_decimal v1.43.0
    Checking parking_lot v0.12.5
    Checking md-5 v0.11.0
    Checking icu_properties v2.3.0
    Checking icu_normalizer v2.3.0
   Compiling keccak v0.1.6
    Checking pkcs8 v0.11.0
    Checking elliptic-curve v0.13.8
   Compiling itertools v0.14.0
    Checking tokio v1.53.1
    Checking futures-intrusive v0.5.0
    Checking serde_path_to_error v0.1.20
    Checking matchit v0.8.4
    Checking minimal-lexical v0.2.1
    Checking ecdsa v0.16.9
    Checking primeorder v0.13.6
    Checking elliptic-curve v0.14.1
    Checking primefield v0.14.0
   Compiling unicase v2.9.0
    Checking nom v7.1.3
   Compiling string_cache v0.8.9
    Checking rfc6979 v0.6.0
    Checking wnaf v0.14.1
   Compiling mime_guess v2.0.5
   Compiling petgraph v0.7.1
    Checking idna_adapter v1.2.2
   Compiling toml_edit v0.25.13+spec-1.1.0
   Compiling sha3 v0.10.9
   Compiling darling_macro v0.24.1
    Checking idna v1.1.0
   Compiling psm v0.1.32
    Checking num-bigint-dig v0.8.6
    Checking ctr v0.9.2
    Checking url v2.5.8
    Checking universal-hash v0.5.1
    Checking aead v0.5.2
   Compiling derive_more-impl v2.1.1
   Compiling hashlink v0.10.0
   Compiling ptr_meta_derive v0.3.2
   Compiling lalrpop-util v0.22.2
    Checking opaque-debug v0.3.1
    Checking alloc-no-stdlib v2.0.4
    Checking whoami v2.1.3
   Compiling ucd-trie v0.1.7
    Checking alloc-stdlib v0.2.4
    Checking ptr_meta v0.3.2
   Compiling lalrpop v0.22.2
    Checking polyval v0.6.2
   Compiling pest v2.9.1
    Checking rusticata-macros v4.1.0
   Compiling const-random-macro v0.1.16
   Compiling proc-macro-crate v3.5.0
   Compiling darling v0.24.1
    Checking ecdsa v0.17.0
    Checking primeorder v0.14.0
    Checking zstd-safe v8.0.0
   Compiling toml_datetime v0.6.11
   Compiling serde_spanned v0.6.9
    Checking ed25519 v2.2.3
   Compiling sqlx-core v0.8.6
    Checking pkcs1 v0.7.5
    Checking aes v0.8.4
   Compiling sea-query-derive v1.0.0
   Compiling derive_builder_core v0.20.2
    Checking md-5 v0.10.6
    Checking dbl v0.3.2
   Compiling thiserror-impl v1.0.69
   Compiling asn1-rs-impl v0.2.0
   Compiling asn1-rs-derive v0.6.0
   Compiling enum-ordinalize-derive v4.4.2
   Compiling curve25519-dalek v5.0.0
    Checking derive_more v2.1.1
    Checking ordered-float v4.6.0
    Checking tokio-util v0.7.19
    Checking tokio-stream v0.1.19
    Checking tokio-tungstenite v0.29.0
    Checking tokio-rustls v0.26.5
   Compiling whoami v1.6.1
   Compiling winnow v0.7.15
   Compiling home v0.5.12
   Compiling zopfli v0.8.3
   Compiling proc-macro2-diagnostics v0.10.1
    Checking sqlx-core v0.9.0
   Compiling enum-ordinalize v4.4.2
   Compiling pest_meta v2.9.1
    Checking sea-query v1.0.2
   Compiling derive_builder_macro v0.20.2
    Checking h2 v0.4.19
    Checking tower v0.5.3
    Checking asn1-rs v0.7.2
    Checking rsa v0.9.10
    Checking cmac v0.7.2
    Checking thiserror v1.0.69
   Compiling num_enum_derive v0.7.6
    Checking zstd v0.14.0
    Checking ed25519-dalek v2.2.0
    Checking const-random v0.1.18
    Checking nix v0.31.3
   Compiling serde_with_macros v3.23.0
    Checking ghash v0.5.1
    Checking rancor v0.1.3
   Compiling syn v1.0.109
    Checking typeid v1.0.3
    Checking native-tls v0.2.18
    Checking crossbeam-epoch v0.9.21
    Checking brotli-decompressor v5.0.3
    Checking tower-http v0.6.11
    Checking p384 v0.13.1
    Checking p521 v0.13.3
    Checking p256 v0.13.2
   Compiling sqlx-postgres v0.8.6
    Checking ssh-encoding v0.3.0
   Compiling toml_edit v0.22.27
    Checking itertools v0.15.0
    Checking linked-hash-map v0.5.6
    Checking serdect v0.3.0
    Checking blowfish v0.9.1
    Checking blake2 v0.10.6
   Compiling bitfields-impl v1.0.3
    Checking matchers v0.2.0
   Compiling miette-derive v7.6.0
   Compiling ref-cast-impl v1.0.27
   Compiling bytecheck_derive v0.8.3
   Compiling logos-codegen v0.16.1
    Checking sharded-slab v0.1.7
    Checking password-hash v0.5.0
    Checking keccak v0.2.2
    Checking sqlx-postgres v0.9.0
    Checking tracing-log v0.2.0
    Checking thread_local v1.1.10
    Checking unicode-script v0.5.8
    Checking unicode-width v0.1.14
    Checking constant_time_eq v0.4.2
    Checking libbz2-rs-sys v0.2.5
    Checking utf8parse v0.2.2
    Checking nu-ansi-term v0.50.3
    Checking xxhash-rust v0.8.18
    Checking unicode-security v0.1.2
    Checking anstyle-parse v1.0.0
    Checking bytecheck v0.8.3
    Checking tracing-subscriber v0.3.23
    Checking ref-cast v1.0.27
    Checking argon2 v0.5.3
    Checking bzip2 v0.6.1
    Checking cx448 v0.1.1
    Checking miette v7.6.0
    Checking linked_hash_set v0.1.6
    Checking serde_with v3.23.0
    Checking brotli v8.0.4
    Checking num_enum v0.7.6
    Checking bitfields v1.0.3
    Checking crossbeam-deque v0.8.8
    Checking tokio-native-tls v0.3.1
   Compiling pest_generator v2.9.1
    Checking hyper v1.11.1
   Compiling toml v0.8.23
    Checking aes-gcm v0.10.3
   Compiling rust-embed-utils v8.12.0
    Checking dlv-list v0.5.2
    Checking derive_builder v0.20.2
    Checking eax v0.5.0
    Checking stacker v0.1.25
   Compiling logos-derive v0.16.1
   Compiling zip v3.0.0
   Compiling ouroboros_macro v0.18.5
   Compiling educe v0.7.6
    Checking crc24 v0.1.6
    Checking aes-kw v0.2.1
    Checking hcl-primitives v0.1.12
    Checking hyper-util v0.1.20
    Checking x25519-dalek v2.0.1
    Checking dsa v0.6.3
    Checking ocb3 v0.1.0
    Checking k256 v0.13.4
    Checking crypto-primes v0.7.2
    Checking ed25519 v3.0.0
    Checking num-bigint v0.5.1
    Checking triomphe v0.1.16
    Checking sqlx v0.9.0
    Checking nonempty v0.12.0
    Checking sea-query-sqlx v0.9.1
    Checking vecmap-rs v0.2.5
    Checking blowfish v0.10.0
    Checking blake2 v0.11.0
    Checking sha1 v0.11.0
   Compiling sqlx-macros-core v0.8.6
    Checking poly1305 v0.9.1
    Checking pkcs1 v0.8.0-rc.4
    Checking sha1-checked v0.10.0
    Checking ssh-encoding v0.2.0
    Checking idea v0.5.1
    Checking cfb-mode v0.8.2
    Checking camellia v0.1.0
    Checking cast5 v0.11.1
    Checking twofish v0.7.1
    Checking des v0.8.1
    Checking ripemd v0.1.3
    Checking block-padding v0.3.3
   Compiling utoipa-gen v5.5.0
   Compiling structmeta-derive v0.3.0
   Compiling sea-bae v0.2.2
    Checking axum v0.8.9
    Checking hyper-rustls v0.27.9
   Compiling snafu-derive v0.8.9
   Compiling pin-project-internal v1.1.13
   Compiling sea-schema-derive v0.3.0
   Compiling munge_macro v0.4.7
   Compiling async-stream-impl v0.3.6
    Checking objc2-core-foundation v0.3.2
   Compiling pluralizer v0.5.0
    Checking num-bigint v0.4.8
    Checking event-listener-strategy v0.5.4
    Checking crossbeam-channel v0.5.17
    Checking smol_str v0.3.6
    Checking arc-swap v1.9.2
    Checking buffer-redux v1.1.0
    Checking nom v8.0.0
    Checking typed-arena v2.0.2
    Checking is_terminal_polyfill v1.70.2
    Checking anstyle v1.0.14
    Checking compression-core v0.4.33
    Checking unicode-width v0.2.2
    Checking replace_with v0.1.8
    Checking foreign-types-shared v0.1.1
    Checking bytemuck v1.25.2
    Checking static_assertions v1.1.0
    Checking anstyle-query v1.1.5
    Checking arrayvec v0.5.2
    Checking aliasable v0.1.3
    Checking colorchoice v1.0.5
    Checking rustc-literal-escaper v0.0.8
    Checking pin-project v1.1.13
    Checking ouroboros v0.18.5
    Checking atomic v0.6.1
    Checking anstream v1.0.0
    Checking pretty v0.12.5
    Checking foreign-types v0.3.2
    Checking compression-codecs v0.4.41
    Checking der-parser v10.0.0
   Compiling structmeta v0.3.0
   Compiling builder-pattern-macro v0.4.2
   Compiling sqlx-macros v0.8.6
   Compiling utoipa-swagger-ui v9.0.2
   Compiling sea-orm-macros v2.0.2
    Checking async-stream v0.3.6
    Checking munge v0.4.7
    Checking async-lock v3.4.2
    Checking sea-schema v0.18.1
    Checking rsa v0.10.0-rc.18
    Checking hyper-timeout v0.5.2
    Checking snafu v0.8.9
   Compiling cedar-policy-core v4.12.0
    Checking hyper-tls v0.6.0
    Checking ssh-cipher v0.2.0
    Checking ssh-cipher v0.3.0
    Checking argon2 v0.6.0
    Checking bcrypt-pbkdf v0.11.0
    Checking wg v0.9.2
    Checking hcl-edit v0.8.8
    Checking ed25519-dalek v3.0.0
   Compiling libvault v0.3.0
    Checking logos v0.16.1
   Compiling pest_derive v2.9.1
    Checking ordered-multimap v0.7.3
   Compiling rust-embed-impl v8.12.0
    Checking rayon-core v1.13.0
    Checking rend v0.5.4
    Checking blake3 v1.8.7
    Checking cookie v0.18.2
    Checking oid-registry v0.8.1
    Checking erased-serde v0.4.10
    Checking sha3 v0.11.0
    Checking combine v4.6.8
    Checking tower-sessions-core v0.15.0
    Checking p256 v0.14.0
    Checking p384 v0.14.0
    Checking p521 v0.14.0
    Checking openssl-sys v0.9.117
    Checking rustls-platform-verifier v0.7.0
    Checking dashmap v6.2.1
    Checking nibble_vec v0.1.0
    Checking kem v0.3.0
    Checking module-lattice v0.2.3
    Checking webpki-roots v0.26.11
    Checking rustls-native-certs v0.8.4
   Compiling enum-map-derive v0.17.0
   Compiling snafu-derive v0.9.2
   Compiling derive-where v1.6.1
   Compiling openssl-macros v0.1.1
   Compiling strum_macros v0.25.3
    Checking objc2-foundation v0.3.2
    Checking block2 v0.6.2
   Compiling rkyv_derive v0.8.18
    Checking backon v1.6.0
    Checking serde_spanned v1.1.1
    Checking toml_datetime v1.1.1+spec-1.1.0
    Checking headers-core v0.3.0
    Checking num_cpus v1.17.0
    Checking seahash v4.1.0
    Checking base64 v0.23.1
    Checking strum v0.28.0
    Checking sha1_smol v1.0.1
    Checking humantime v2.4.0
    Checking toml_writer v1.1.2+spec-1.1.0
    Checking clap_lex v1.1.0
    Checking path-dedot v4.0.1
    Checking option-ext v0.2.0
    Checking endian-type v0.1.2
    Checking sponge-cursor v0.1.0
    Checking spin v0.10.1
    Checking arraydeque v0.5.1
    Checking arcstr v1.2.0
    Checking unsafe-libyaml v0.2.11
    Checking crc-fast v1.10.0
    Checking clap_builder v4.6.6
    Checking yaml-rust2 v0.11.1
    Checking sha3 v0.12.0
    Checking convert_case v0.6.0
    Checking strum v0.25.0
    Checking radix_trie v0.2.1
    Checking serde_yaml v0.9.34+deprecated
    Checking dirs-sys v0.5.0
    Checking reqwest v0.13.5
    Checking toml v1.1.5+spec-1.1.0
    Checking path-absolutize v4.0.1
   Compiling derive_more v0.99.20
    Checking stretto v0.8.4
    Checking threadpool v1.8.1
    Checking utoipa v5.5.0
    Checking snafu v0.9.2
    Checking rkyv v0.8.18
    Checking headers v0.4.1
    Checking openssl v0.10.81
    Checking enum-map v2.7.3
    Checking objc2-open-directory v0.3.2
    Checking dispatch2 v0.3.1
    Checking sqlx v0.8.6
    Checking ml-kem v0.3.2
    Checking ureq v2.12.1
    Checking hcl-rs v0.18.7
    Checking tower-sessions-memory-store v0.15.0
    Checking rust-embed v8.12.0
    Checking tonic v0.14.6
    Checking redis v1.7.0
    Checking serde-untagged v0.1.9
    Checking pgp v0.19.0
    Checking sea-orm v2.0.2
    Checking rayon v1.12.0
    Checking x509-parser v0.18.1
    Checking json5 v0.4.1
    Checking tower-cookies v0.11.0
    Checking rust-ini v0.21.3
    Checking builder-pattern v0.4.2
    Checking reqwest v0.12.28
    Checking ssh-key v0.6.7
   Compiling parse-display-derive v0.11.0
    Checking jemalloc-sys v0.5.4+5.3.0-patched
    Checking secp256k1-sys v0.14.1
    Checking async-compression v0.4.46
    Checking anyhow v1.0.104
    Checking objc2-io-kit v0.3.2
   Compiling derivative v2.2.0
    Checking blake2b_simd v1.0.5
    Checking bcrypt v0.17.1
    Checking russh-cryptovec v0.62.0
    Checking ron v0.12.2
    Checking russh-util v0.52.0
    Checking quick-xml v0.41.0
    Checking ipnetwork v0.17.0
    Checking generic-array v1.4.5
    Checking rustls-pemfile v2.2.0
    Checking bstr v1.13.1
    Checking lru-mem v0.3.0
   Compiling better_default v1.0.5
   Compiling enum_dispatch v0.3.13
   Compiling delegate v0.13.5
   Compiling clap_derive v4.6.4
    Checking ssh-key v0.7.0-rc.11
    Checking priority-queue v2.7.0
    Checking serde_bytes v0.11.19
    Checking pem v3.0.6
    Checking daemonize v0.5.0
    Checking go-defer v0.1.0
    Checking hex-literal v1.1.0
    Checking symlink v0.1.0
    Checking md5 v0.8.1
    Checking as-any v0.3.2
    Checking colored v3.1.1
    Checking similar v3.2.0
    Checking pathdiff v0.2.3
    Checking diffs v0.5.1
    Checking glob v0.3.4
    Checking lockfile v0.4.0
    Checking config v0.15.25
    Checking parse-display v0.11.0
    Checking tracing-appender v0.2.5
    Checking sysinfo v0.39.6
    Checking tower-http v0.7.1
    Checking object_store v0.14.1
    Checking secp256k1 v0.33.1
    Checking utoipa-axum v0.2.0
    Checking jemallocator v0.5.4
    Checking tower-sessions v0.15.0
    Checking russh v0.63.3
    Checking ctrlc v3.5.2
    Checking git-internal v0.10.2
    Checking axum-extra v0.12.6
    Checking pgp v0.20.0
    Checking directories v6.0.0
    Checking mst2-codec v0.3.1
    Checking idgenerator v2.0.0
    Checking envsubst v0.2.1
   Compiling async-recursion v1.1.1
    Checking bs58 v0.5.1
    Checking fastcdc v3.2.1
    Checking clap v4.6.6
    Checking redis-test v1.0.4
    Checking sea-orm-migration v2.0.2
    Checking cedar-policy-formatter v4.12.0
    Checking cedar-policy v4.12.0
    Checking mega2 v0.42.25 ([REDACTED_EXECUTION_PATH])
    Finished `dev` profile [unoptimized + debuginfo] target(s) in 1m 22s
