## main...origin/main
?? docs/plan/evidence/plan-20260920/cards/FIX-OX-16/README.md
?? docs/plan/evidence/plan-20260920/cards/FIX-OX-16/verification/A-B-source.diff
?? docs/plan/evidence/plan-20260920/cards/FIX-OX-16/verification/A-B-source.diff.exit
?? docs/plan/evidence/plan-20260920/cards/FIX-OX-16/verification/A-VER-1.exit
?? docs/plan/evidence/plan-20260920/cards/FIX-OX-16/verification/A-VER-1.stderr
?? docs/plan/evidence/plan-20260920/cards/FIX-OX-16/verification/A-VER-1.stdout
?? docs/plan/evidence/plan-20260920/cards/FIX-OX-16/verification/A-source.rs
?? docs/plan/evidence/plan-20260920/cards/FIX-OX-16/verification/B-final-VER-1.exit
?? docs/plan/evidence/plan-20260920/cards/FIX-OX-16/verification/B-final-VER-1.stderr
?? docs/plan/evidence/plan-20260920/cards/FIX-OX-16/verification/B-final-VER-1.stdout
?? docs/plan/evidence/plan-20260920/cards/FIX-OX-16/verification/B-final-source.rs
?? docs/plan/evidence/plan-20260920/cards/FIX-OX-16/verification/clippy-final.exit
?? docs/plan/evidence/plan-20260920/cards/FIX-OX-16/verification/clippy-final.stderr
?? docs/plan/evidence/plan-20260920/cards/FIX-OX-16/verification/clippy-final.stdout
?? docs/plan/evidence/plan-20260920/cards/FIX-OX-16/verification/diagnostic/diagnostic-run.exit
?? docs/plan/evidence/plan-20260920/cards/FIX-OX-16/verification/diagnostic/diagnostic-run.stderr
?? docs/plan/evidence/plan-20260920/cards/FIX-OX-16/verification/diagnostic/diagnostic-run.stdout
?? docs/plan/evidence/plan-20260920/cards/FIX-OX-16/verification/diagnostic/diagnostic-source.rs
?? docs/plan/evidence/plan-20260920/cards/FIX-OX-16/verification/fmt-final.exit
?? docs/plan/evidence/plan-20260920/cards/FIX-OX-16/verification/fmt-final.stderr
?? docs/plan/evidence/plan-20260920/cards/FIX-OX-16/verification/fmt-final.stdout
 M src/api/router/snapshot_raw_blob_tests.rs
