
running 1 test
test api::router::snapshot_router::content::tests::persisted_chunk_maps::same_source_cold_actual_http_callers_share_one_full_pass_and_each_recheck_their_receipt ... FAILED

failures:

---- api::router::snapshot_router::content::tests::persisted_chunk_maps::same_source_cold_actual_http_callers_share_one_full_pass_and_each_recheck_their_receipt stdout ----
FIX-OX-15 request auth start path=/snapshots/sha256:410a13dd5856bd6167765783d1f6185fe44800ec0691a3fb0e65562cb97368fb/chunk-map
FIX-OX-15 request auth done path=/snapshots/sha256:410a13dd5856bd6167765783d1f6185fe44800ec0691a3fb0e65562cb97368fb/chunk-map
FIX-OX-15 chunk-map handler start path=/file
FIX-OX-15 chunk-map root loaded path=/file
FIX-OX-15 rooted fixed path lookup start path=/file
FIX-OX-15 rooted repository ready path=/file
FIX-OX-15 fixed_path_metadata start path=/file
FIX-OX-15 rooted admit_reader start path=/file
FIX-OX-15 rooted admit_reader done path=/file
FIX-OX-15 rooted metadata lookup start path=/file
FIX-OX-15 rooted metadata lookup done path=/file
FIX-OX-15 rooted finish_reader start path=/file
FIX-OX-15 rooted finish_reader done path=/file
FIX-OX-15 rooted fixed path lookup done path=/file
FIX-OX-15 project initial receipt read start oid=b3e116bef9bfd54e30d50d25036629a9c79f8212
FIX-OX-15 project initial receipt read miss oid=b3e116bef9bfd54e30d50d25036629a9c79f8212
FIX-OX-15 project flight acquired oid=b3e116bef9bfd54e30d50d25036629a9c79f8212
FIX-OX-15 request auth start path=/snapshots/sha256:410a13dd5856bd6167765783d1f6185fe44800ec0691a3fb0e65562cb97368fb/chunk-map
FIX-OX-15 request auth start path=/snapshots/sha256:410a13dd5856bd6167765783d1f6185fe44800ec0691a3fb0e65562cb97368fb/chunk-map
FIX-OX-15 request auth start path=/snapshots/sha256:410a13dd5856bd6167765783d1f6185fe44800ec0691a3fb0e65562cb97368fb/chunk-map
FIX-OX-15 request auth start path=/snapshots/sha256:410a13dd5856bd6167765783d1f6185fe44800ec0691a3fb0e65562cb97368fb/chunk-map
FIX-OX-15 request auth start path=/snapshots/sha256:410a13dd5856bd6167765783d1f6185fe44800ec0691a3fb0e65562cb97368fb/chunk-map
FIX-OX-15 request auth start path=/snapshots/sha256:410a13dd5856bd6167765783d1f6185fe44800ec0691a3fb0e65562cb97368fb/chunk-map
FIX-OX-15 request auth start path=/snapshots/sha256:410a13dd5856bd6167765783d1f6185fe44800ec0691a3fb0e65562cb97368fb/chunk-map
FIX-OX-15 diagnostic: owners=2, whole=1, receipt_reads=0, receipt_writes=1, same_finished=[false, false, false, false, false, false], other_finished=false
FIX-OX-15 request auth done path=/snapshots/sha256:410a13dd5856bd6167765783d1f6185fe44800ec0691a3fb0e65562cb97368fb/chunk-map
FIX-OX-15 chunk-map handler start path=/alias
FIX-OX-15 request auth done path=/snapshots/sha256:410a13dd5856bd6167765783d1f6185fe44800ec0691a3fb0e65562cb97368fb/chunk-map
FIX-OX-15 chunk-map handler start path=/file
FIX-OX-15 request auth done path=/snapshots/sha256:410a13dd5856bd6167765783d1f6185fe44800ec0691a3fb0e65562cb97368fb/chunk-map
FIX-OX-15 chunk-map handler start path=/alias
FIX-OX-15 request auth done path=/snapshots/sha256:410a13dd5856bd6167765783d1f6185fe44800ec0691a3fb0e65562cb97368fb/chunk-map
FIX-OX-15 chunk-map handler start path=/alias
FIX-OX-15 chunk-map root loaded path=/alias
FIX-OX-15 rooted fixed path lookup start path=/alias
FIX-OX-15 rooted repository ready path=/alias
FIX-OX-15 fixed_path_metadata start path=/alias
FIX-OX-15 rooted admit_reader start path=/alias
FIX-OX-15 chunk-map root loaded path=/file
FIX-OX-15 rooted fixed path lookup start path=/file
FIX-OX-15 rooted repository ready path=/file
FIX-OX-15 fixed_path_metadata start path=/file
FIX-OX-15 rooted admit_reader start path=/file
FIX-OX-15 chunk-map root loaded path=/alias
FIX-OX-15 rooted fixed path lookup start path=/alias
FIX-OX-15 rooted repository ready path=/alias
FIX-OX-15 fixed_path_metadata start path=/alias
FIX-OX-15 rooted admit_reader start path=/alias
FIX-OX-15 chunk-map root loaded path=/alias
FIX-OX-15 rooted fixed path lookup start path=/alias
FIX-OX-15 rooted repository ready path=/alias
FIX-OX-15 fixed_path_metadata start path=/alias
FIX-OX-15 rooted admit_reader start path=/alias
FIX-OX-15 request auth done path=/snapshots/sha256:410a13dd5856bd6167765783d1f6185fe44800ec0691a3fb0e65562cb97368fb/chunk-map
FIX-OX-15 chunk-map handler start path=/alias
FIX-OX-15 request auth done path=/snapshots/sha256:410a13dd5856bd6167765783d1f6185fe44800ec0691a3fb0e65562cb97368fb/chunk-map
FIX-OX-15 chunk-map handler start path=/alias
FIX-OX-15 request auth done path=/snapshots/sha256:410a13dd5856bd6167765783d1f6185fe44800ec0691a3fb0e65562cb97368fb/chunk-map
FIX-OX-15 chunk-map handler start path=/alias
FIX-OX-15 chunk-map root loaded path=/alias
FIX-OX-15 rooted fixed path lookup start path=/alias
FIX-OX-15 rooted repository ready path=/alias
FIX-OX-15 fixed_path_metadata start path=/alias
FIX-OX-15 rooted admit_reader start path=/alias
FIX-OX-15 chunk-map root loaded path=/alias
FIX-OX-15 rooted fixed path lookup start path=/alias
FIX-OX-15 rooted repository ready path=/alias
FIX-OX-15 fixed_path_metadata start path=/alias
FIX-OX-15 rooted admit_reader start path=/alias
FIX-OX-15 chunk-map root loaded path=/alias
FIX-OX-15 rooted fixed path lookup start path=/alias
FIX-OX-15 rooted repository ready path=/alias
FIX-OX-15 fixed_path_metadata start path=/alias
FIX-OX-15 rooted admit_reader start path=/alias
FIX-OX-15 rooted admit_reader done path=/alias
FIX-OX-15 rooted admit_reader done path=/file
FIX-OX-15 rooted admit_reader done path=/alias
FIX-OX-15 rooted metadata lookup start path=/alias
FIX-OX-15 rooted metadata lookup done path=/alias
FIX-OX-15 rooted finish_reader start path=/alias
FIX-OX-15 timeout diagnostic: reached_callers=false, owners=2, whole=1, receipt_reads=0, receipt_writes=1, same_finished=[false, true, false, false, false, false], other_finished=false
FIX-OX-15 pg activity 572649|mega2_test_47314_0|idle|Client|ClientRead|{}|COMMIT
FIX-OX-15 pg activity 572650|mega2_test_47314_0|idle|Client|ClientRead|{}|COMMIT
FIX-OX-15 pg activity 572651|mega2_test_47314_0|idle|Client|ClientRead|{}|COMMIT
FIX-OX-15 pg activity 572652|mega2_test_47314_0|idle|Client|ClientRead|{}|COMMIT
FIX-OX-15 pg activity 572653|mega2_test_47314_0|idle|Client|ClientRead|{}|COMMIT
FIX-OX-15 pg activity 572661|mega2_test_47314_0|active|IO|AioIoCompletion|{}|SELECT operation_id::text,reader_issuance,root_generation,certificate_digest
                FROM mst2_metadata_begin_reader($1,$2,$3)
FIX-OX-15 pg activity 572671|mega2_test_47314_0|active|Lock|advisory|{572661,572700}|SELECT "mega2_test_47314_0".mst2_route_enter('mega2_test_47314_0')
FIX-OX-15 pg activity 572700|mega2_test_47314_0|active|Lock|advisory|{572661}|SELECT "mega2_test_47314_0".mst2_route_enter('mega2_test_47314_0')
FIX-OX-15 pg activity 572709|mega2_test_47314_0|active|IO|AioIoCompletion|{}|SELECT "mega2_test_47314_0".mst2_route_family_shape($1::bigint::oid,$2::uuid,$3) AS fingerprint

thread 'api::router::snapshot_router::content::tests::persisted_chunk_maps::same_source_cold_actual_http_callers_share_one_full_pass_and_each_recheck_their_receipt' (40387491) panicked at src/api/router/snapshot_persisted_chunk_map_tests.rs:592:5:
same-source callers never reached install gate
note: run with `RUST_BACKTRACE=1` environment variable to display a backtrace


failures:
    api::router::snapshot_router::content::tests::persisted_chunk_maps::same_source_cold_actual_http_callers_share_one_full_pass_and_each_recheck_their_receipt

test result: FAILED. 0 passed; 1 failed; 0 ignored; 0 measured; 2463 filtered out; finished in 37.80s

