
running 1 test
test api::router::snapshot_router::content::tests::persisted_chunk_maps::same_source_cold_actual_http_callers_share_one_full_pass_and_each_recheck_their_receipt ... FAILED

failures:

---- api::router::snapshot_router::content::tests::persisted_chunk_maps::same_source_cold_actual_http_callers_share_one_full_pass_and_each_recheck_their_receipt stdout ----
FIX-OX-15 request auth start path=/snapshots/sha256:cc1aea11d7fce68cca6ed4675e2b4b47447a3b2271fc4ff9aee94730ca31c0ab/chunk-map
FIX-OX-15 request auth done path=/snapshots/sha256:cc1aea11d7fce68cca6ed4675e2b4b47447a3b2271fc4ff9aee94730ca31c0ab/chunk-map
FIX-OX-15 chunk-map handler start path=/file
FIX-OX-15 chunk-map root loaded path=/file
FIX-OX-15 project initial receipt read start oid=88858dfd4548c7f0d67c5ca5c11c8a8210888fa7
FIX-OX-15 project initial receipt read miss oid=88858dfd4548c7f0d67c5ca5c11c8a8210888fa7
FIX-OX-15 project flight acquired oid=88858dfd4548c7f0d67c5ca5c11c8a8210888fa7
FIX-OX-15 request auth start path=/snapshots/sha256:cc1aea11d7fce68cca6ed4675e2b4b47447a3b2271fc4ff9aee94730ca31c0ab/chunk-map
FIX-OX-15 request auth start path=/snapshots/sha256:cc1aea11d7fce68cca6ed4675e2b4b47447a3b2271fc4ff9aee94730ca31c0ab/chunk-map
FIX-OX-15 request auth start path=/snapshots/sha256:cc1aea11d7fce68cca6ed4675e2b4b47447a3b2271fc4ff9aee94730ca31c0ab/chunk-map
FIX-OX-15 request auth start path=/snapshots/sha256:cc1aea11d7fce68cca6ed4675e2b4b47447a3b2271fc4ff9aee94730ca31c0ab/chunk-map
FIX-OX-15 request auth start path=/snapshots/sha256:cc1aea11d7fce68cca6ed4675e2b4b47447a3b2271fc4ff9aee94730ca31c0ab/chunk-map
FIX-OX-15 request auth start path=/snapshots/sha256:cc1aea11d7fce68cca6ed4675e2b4b47447a3b2271fc4ff9aee94730ca31c0ab/chunk-map
FIX-OX-15 request auth start path=/snapshots/sha256:cc1aea11d7fce68cca6ed4675e2b4b47447a3b2271fc4ff9aee94730ca31c0ab/chunk-map
FIX-OX-15 diagnostic: owners=2, whole=1, receipt_reads=0, receipt_writes=1, same_finished=[false, false, false, false, false, false], other_finished=false
FIX-OX-15 request auth done path=/snapshots/sha256:cc1aea11d7fce68cca6ed4675e2b4b47447a3b2271fc4ff9aee94730ca31c0ab/chunk-map
FIX-OX-15 chunk-map handler start path=/alias
FIX-OX-15 request auth done path=/snapshots/sha256:cc1aea11d7fce68cca6ed4675e2b4b47447a3b2271fc4ff9aee94730ca31c0ab/chunk-map
FIX-OX-15 chunk-map handler start path=/alias
FIX-OX-15 chunk-map root loaded path=/alias
FIX-OX-15 request auth done path=/snapshots/sha256:cc1aea11d7fce68cca6ed4675e2b4b47447a3b2271fc4ff9aee94730ca31c0ab/chunk-map
FIX-OX-15 chunk-map handler start path=/alias
FIX-OX-15 chunk-map root loaded path=/alias
FIX-OX-15 request auth done path=/snapshots/sha256:cc1aea11d7fce68cca6ed4675e2b4b47447a3b2271fc4ff9aee94730ca31c0ab/chunk-map
FIX-OX-15 chunk-map handler start path=/alias
FIX-OX-15 chunk-map root loaded path=/alias
FIX-OX-15 chunk-map root loaded path=/alias
FIX-OX-15 request auth done path=/snapshots/sha256:cc1aea11d7fce68cca6ed4675e2b4b47447a3b2271fc4ff9aee94730ca31c0ab/chunk-map
FIX-OX-15 chunk-map handler start path=/alias
FIX-OX-15 request auth done path=/snapshots/sha256:cc1aea11d7fce68cca6ed4675e2b4b47447a3b2271fc4ff9aee94730ca31c0ab/chunk-map
FIX-OX-15 chunk-map handler start path=/alias
FIX-OX-15 chunk-map root loaded path=/alias
FIX-OX-15 chunk-map root loaded path=/alias
FIX-OX-15 request auth done path=/snapshots/sha256:cc1aea11d7fce68cca6ed4675e2b4b47447a3b2271fc4ff9aee94730ca31c0ab/chunk-map
FIX-OX-15 chunk-map handler start path=/file
FIX-OX-15 chunk-map root loaded path=/file
FIX-OX-15 timeout diagnostic: reached_callers=false, owners=2, whole=1, receipt_reads=0, receipt_writes=1, same_finished=[false, false, false, false, false, false], other_finished=false

thread 'api::router::snapshot_router::content::tests::persisted_chunk_maps::same_source_cold_actual_http_callers_share_one_full_pass_and_each_recheck_their_receipt' (40357131) panicked at src/api/router/snapshot_persisted_chunk_map_tests.rs:573:5:
same-source callers never reached install gate
note: run with `RUST_BACKTRACE=1` environment variable to display a backtrace


failures:
    api::router::snapshot_router::content::tests::persisted_chunk_maps::same_source_cold_actual_http_callers_share_one_full_pass_and_each_recheck_their_receipt

test result: FAILED. 0 passed; 1 failed; 0 ignored; 0 measured; 2463 filtered out; finished in 35.74s

