   Compiling mega2 v0.42.25 ([REDACTED_EXECUTION_PATH])
error[E0308]: mismatched types
   --> src/api/router/snapshot_content_tests.rs:747:43
    |
747 |                 database.max_connection = max_connections;
    |                 -----------------------   ^^^^^^^^^^^^^^^ expected `u32`, found `usize`
    |                 |
    |                 expected due to the type of this binding

error[E0308]: mismatched types
    --> src/api/router/snapshot_content_tests.rs:748:71
     |
 748 |                 database.min_connection = database.min_connection.min(max_connections);
     |                                                                   --- ^^^^^^^^^^^^^^^ expected `u32`, found `usize`
     |                                                                   |
     |                                                                   arguments to this method are incorrect
     |
help: the return type of this call is `usize` due to the type of the argument passed
    --> src/api/router/snapshot_content_tests.rs:748:43
     |
 748 |                 database.min_connection = database.min_connection.min(max_connections);
     |                                           ^^^^^^^^^^^^^^^^^^^^^^^^^^^^---------------^
     |                                                                       |
     |                                                                       this argument influences the return type of `min`
note: method defined here
    --> [REDACTED_HOME]/.rustup/toolchains/stable-aarch64-apple-darwin/lib/rustlib/src/rust/library/core/src/cmp.rs:1085:8
     |
1085 |     fn min(self, other: Self) -> Self
     |        ^^^
help: you can convert a `usize` to a `u32` and panic if the converted value doesn't fit
     |
 748 |                 database.min_connection = database.min_connection.min(max_connections.try_into().unwrap());
     |                                                                                      ++++++++++++++++++++

For more information about this error, try `rustc --explain E0308`.
error: could not compile `mega2` (lib test) due to 2 previous errors
