
running 1 test
test api::router::snapshot_router::content::tests::persisted_chunk_maps::same_source_cold_actual_http_callers_share_one_full_pass_and_each_recheck_their_receipt ... FAILED

failures:

---- api::router::snapshot_router::content::tests::persisted_chunk_maps::same_source_cold_actual_http_callers_share_one_full_pass_and_each_recheck_their_receipt stdout ----
FIX-OX-15 request auth start path=/snapshots/sha256:e02b7ac60546070257f059ce256d7d13ba9f8f74491b164f0d54b4dd4347fc17/chunk-map
FIX-OX-15 request auth done path=/snapshots/sha256:e02b7ac60546070257f059ce256d7d13ba9f8f74491b164f0d54b4dd4347fc17/chunk-map
FIX-OX-15 chunk-map handler start path=/file
FIX-OX-15 chunk-map root loaded path=/file
FIX-OX-15 rooted fixed path lookup start path=/file
FIX-OX-15 rooted repository ready path=/file
FIX-OX-15 fixed_path_metadata start path=/file
FIX-OX-15 rooted admit_reader start path=/file
FIX-OX-15 rooted admit_reader done path=/file
FIX-OX-15 rooted metadata lookup start path=/file
FIX-OX-15 rooted metadata lookup done path=/file
FIX-OX-15 rooted finish_reader start path=/file
FIX-OX-15 rooted finish_reader done path=/file
FIX-OX-15 rooted fixed path lookup done path=/file
FIX-OX-15 project initial receipt read start oid=af2c9958503918652616d3f59a16e1a31c08a843
FIX-OX-15 project initial receipt read miss oid=af2c9958503918652616d3f59a16e1a31c08a843
FIX-OX-15 project flight acquired oid=af2c9958503918652616d3f59a16e1a31c08a843
FIX-OX-15 request auth start path=/snapshots/sha256:e02b7ac60546070257f059ce256d7d13ba9f8f74491b164f0d54b4dd4347fc17/chunk-map
FIX-OX-15 request auth start path=/snapshots/sha256:e02b7ac60546070257f059ce256d7d13ba9f8f74491b164f0d54b4dd4347fc17/chunk-map
FIX-OX-15 request auth start path=/snapshots/sha256:e02b7ac60546070257f059ce256d7d13ba9f8f74491b164f0d54b4dd4347fc17/chunk-map
FIX-OX-15 request auth start path=/snapshots/sha256:e02b7ac60546070257f059ce256d7d13ba9f8f74491b164f0d54b4dd4347fc17/chunk-map
FIX-OX-15 request auth start path=/snapshots/sha256:e02b7ac60546070257f059ce256d7d13ba9f8f74491b164f0d54b4dd4347fc17/chunk-map
FIX-OX-15 request auth start path=/snapshots/sha256:e02b7ac60546070257f059ce256d7d13ba9f8f74491b164f0d54b4dd4347fc17/chunk-map
FIX-OX-15 request auth start path=/snapshots/sha256:e02b7ac60546070257f059ce256d7d13ba9f8f74491b164f0d54b4dd4347fc17/chunk-map
FIX-OX-15 diagnostic: owners=2, whole=1, receipt_reads=0, receipt_writes=1, same_finished=[false, false, false, false, false, false], other_finished=false
FIX-OX-15 request auth done path=/snapshots/sha256:e02b7ac60546070257f059ce256d7d13ba9f8f74491b164f0d54b4dd4347fc17/chunk-map
FIX-OX-15 chunk-map handler start path=/alias
FIX-OX-15 request auth done path=/snapshots/sha256:e02b7ac60546070257f059ce256d7d13ba9f8f74491b164f0d54b4dd4347fc17/chunk-map
FIX-OX-15 chunk-map handler start path=/alias
FIX-OX-15 request auth done path=/snapshots/sha256:e02b7ac60546070257f059ce256d7d13ba9f8f74491b164f0d54b4dd4347fc17/chunk-map
FIX-OX-15 chunk-map handler start path=/alias
FIX-OX-15 request auth done path=/snapshots/sha256:e02b7ac60546070257f059ce256d7d13ba9f8f74491b164f0d54b4dd4347fc17/chunk-map
FIX-OX-15 chunk-map handler start path=/alias
FIX-OX-15 chunk-map root loaded path=/alias
FIX-OX-15 rooted fixed path lookup start path=/alias
FIX-OX-15 rooted repository ready path=/alias
FIX-OX-15 fixed_path_metadata start path=/alias
FIX-OX-15 rooted admit_reader start path=/alias
FIX-OX-15 chunk-map root loaded path=/alias
FIX-OX-15 rooted fixed path lookup start path=/alias
FIX-OX-15 rooted repository ready path=/alias
FIX-OX-15 fixed_path_metadata start path=/alias
FIX-OX-15 rooted admit_reader start path=/alias
FIX-OX-15 chunk-map root loaded path=/alias
FIX-OX-15 rooted fixed path lookup start path=/alias
FIX-OX-15 rooted repository ready path=/alias
FIX-OX-15 fixed_path_metadata start path=/alias
FIX-OX-15 rooted admit_reader start path=/alias
FIX-OX-15 chunk-map root loaded path=/alias
FIX-OX-15 rooted fixed path lookup start path=/alias
FIX-OX-15 rooted repository ready path=/alias
FIX-OX-15 fixed_path_metadata start path=/alias
FIX-OX-15 rooted admit_reader start path=/alias
FIX-OX-15 request auth done path=/snapshots/sha256:e02b7ac60546070257f059ce256d7d13ba9f8f74491b164f0d54b4dd4347fc17/chunk-map
FIX-OX-15 chunk-map handler start path=/alias
FIX-OX-15 request auth done path=/snapshots/sha256:e02b7ac60546070257f059ce256d7d13ba9f8f74491b164f0d54b4dd4347fc17/chunk-map
FIX-OX-15 chunk-map handler start path=/alias
FIX-OX-15 request auth done path=/snapshots/sha256:e02b7ac60546070257f059ce256d7d13ba9f8f74491b164f0d54b4dd4347fc17/chunk-map
FIX-OX-15 chunk-map handler start path=/file
FIX-OX-15 chunk-map root loaded path=/alias
FIX-OX-15 rooted fixed path lookup start path=/alias
FIX-OX-15 rooted repository ready path=/alias
FIX-OX-15 fixed_path_metadata start path=/alias
FIX-OX-15 rooted admit_reader start path=/alias
FIX-OX-15 chunk-map root loaded path=/alias
FIX-OX-15 rooted fixed path lookup start path=/alias
FIX-OX-15 rooted repository ready path=/alias
FIX-OX-15 fixed_path_metadata start path=/alias
FIX-OX-15 rooted admit_reader start path=/alias
FIX-OX-15 chunk-map root loaded path=/file
FIX-OX-15 rooted fixed path lookup start path=/file
FIX-OX-15 rooted repository ready path=/file
FIX-OX-15 fixed_path_metadata start path=/file
FIX-OX-15 rooted admit_reader start path=/file
FIX-OX-15 rooted admit_reader done path=/alias
FIX-OX-15 rooted admit_reader done path=/alias
FIX-OX-15 rooted admit_reader done path=/alias
FIX-OX-15 rooted admit_reader done path=/alias
FIX-OX-15 rooted metadata lookup start path=/alias
FIX-OX-15 rooted metadata lookup done path=/alias
FIX-OX-15 rooted finish_reader start path=/alias
FIX-OX-15 rooted metadata lookup start path=/alias
FIX-OX-15 rooted metadata lookup done path=/alias
FIX-OX-15 rooted finish_reader start path=/alias
FIX-OX-15 rooted metadata lookup start path=/alias
FIX-OX-15 rooted metadata lookup done path=/alias
FIX-OX-15 rooted finish_reader start path=/alias
FIX-OX-15 timeout diagnostic: reached_callers=false, owners=2, whole=1, receipt_reads=0, receipt_writes=1, same_finished=[false, true, false, false, false, false], other_finished=false

thread 'api::router::snapshot_router::content::tests::persisted_chunk_maps::same_source_cold_actual_http_callers_share_one_full_pass_and_each_recheck_their_receipt' (40380477) panicked at src/api/router/snapshot_persisted_chunk_map_tests.rs:573:5:
same-source callers never reached install gate
note: run with `RUST_BACKTRACE=1` environment variable to display a backtrace


failures:
    api::router::snapshot_router::content::tests::persisted_chunk_maps::same_source_cold_actual_http_callers_share_one_full_pass_and_each_recheck_their_receipt

test result: FAILED. 0 passed; 1 failed; 0 ignored; 0 measured; 2463 filtered out; finished in 35.88s

